2024-06-24 20:22:01,223 - WARNING - <QueryDict: {}>
2024-06-24 20:22:01
2024-06-24 20:23:54,911 - WARNING - <QueryDict: {}>
2024-06-24 20:23:54
2024-06-24 20:24:59,222 - WARNING - <QueryDict: {}>
2024-06-24 20:24:59
2024-06-24 20:25:06,110 - WARNING - <QueryDict: {}>
2024-06-24 20:25:06
2024-06-24 20:30:55,378 - WARNING - <QueryDict: {}>
2024-06-24 20:30:55
2024-06-24 20:33:12,426 - WARNING - <QueryDict: {}>
2024-06-24 20:33:12
2024-06-24 20:34:34,392 - WARNING - <QueryDict: {}>
2024-06-24 20:34:34
2024-06-24 20:34:37,966 - WARNING - <QueryDict: {}>
2024-06-24 20:34:37
2024-06-24 20:36:12,243 - WARNING - <QueryDict: {}>
2024-06-24 20:36:12
2024-06-24 20:37:51,835 - ERROR - unsupported operand type(s) for +: 'QueryDict' and 'str'
2024-06-24 20:37:51
2024-06-24 20:38:18,294 - WARNING - <QueryDict: {}>
2024-06-24 20:38:18
2024-06-24 20:39:08,891 - WARNING - <QueryDict: {}>
2024-06-24 20:39:08
2024-06-24 20:39:41,642 - WARNING - <QueryDict: {}>
2024-06-24 20:39:41
2024-06-24 20:44:17,567 - WARNING - <QueryDict: {}>
2024-06-24 20:44:17
2024-06-24 20:48:21,093 - WARNING - <QueryDict: {}>
2024-06-24 20:48:21
2024-06-24 20:58:17,877 - WARNING - <QueryDict: {}>
2024-06-24 20:58:17
2024-06-24 20:59:20,689 - WARNING - <QueryDict: {}>
2024-06-24 20:59:20
2024-06-24 21:01:29,214 - WARNING - <QueryDict: {}>
2024-06-24 21:01:29
2024-06-24 21:01:57,783 - WARNING - <QueryDict: {}>
2024-06-24 21:01:57
2024-06-24 21:05:17,469 - WARNING - <QueryDict: {}>
2024-06-24 21:05:17
2024-06-24 21:07:07,086 - WARNING - <QueryDict: {}>
2024-06-24 21:07:07
2024-06-24 21:08:57,656 - WARNING - <QueryDict: {}>
2024-06-24 21:08:57
2024-06-24 21:10:57,266 - ERROR - string indices must be integers, not 'str'
2024-06-24 21:10:57
2024-06-24 21:11:25,434 - ERROR - string indices must be integers, not 'str'
2024-06-24 21:11:25
2024-08-08 19:49:12,800 - ERROR - 获取用户推荐时发生错误: 'id'
2024-08-08 19:49:12
2024-08-08 19:49:45,648 - ERROR - 获取用户推荐时发生错误: 'id'
2024-08-08 19:49:45
2024-08-08 19:51:34,808 - ERROR - 获取用户推荐时发生错误: 'id'
2024-08-08 19:51:34
2024-09-16 01:15:10,889 - WARNING - 非法GET请求；127.0.0.1在2024-09-16T01:15:10请求了/get_browse_history/GetHistory/, 请求内容为：
2024-09-16 01:15:10
2024-09-16 17:28:06,879 - ERROR - 服务器内部错误；127.0.0.1 在 2024-09-16T17:28:06 请求了 /get_browse_history/GetHistory/, 请求内容为: {"userid":""},错误信息：'work_id'
2024-09-16 17:28:06
2024-09-16 17:28:06,882 - ERROR - 服务器内部错误；127.0.0.1 在 2024-09-16T17:28:06 请求了 /get_browse_history/GetHistory/, 请求内容为: {"userid":""},错误信息：'work_id'
2024-09-16 17:28:06
2024-09-16 17:28:44,487 - ERROR - 服务器内部错误；127.0.0.1 在 2024-09-16T17:28:44 请求了 /get_browse_history/GetHistory/, 请求内容为: {"userid":""},错误信息：'work_id'
2024-09-16 17:28:44
2025-03-26 02:34:13,348 - ERROR - JWT生成失败: check_password() missing 1 required positional argument: 'encoded'
2025-03-26 02:34:13
2025-03-26 02:34:13,348 - ERROR - JWT生成失败: check_password() missing 1 required positional argument: 'encoded'
2025-03-26 02:34:13
2025-03-26 02:34:13,348 - ERROR - JWT生成失败: check_password() missing 1 required positional argument: 'encoded'
2025-03-26 02:34:13
2025-03-26 02:34:13,348 - ERROR - JWT生成失败: check_password() missing 1 required positional argument: 'encoded'
2025-03-26 02:34:13
2025-03-26 02:34:13,348 - ERROR - JWT生成失败: check_password() missing 1 required positional argument: 'encoded'
2025-03-26 02:34:13
2025-03-26 02:44:49,790 - ERROR - JWT生成失败: 'Settings' object has no attribute 'JWT_EXPIRATION_DELTA'
2025-03-26 02:44:49
2025-03-26 02:44:49,790 - ERROR - JWT生成失败: 'Settings' object has no attribute 'JWT_EXPIRATION_DELTA'
2025-03-26 02:44:49
2025-03-26 02:44:49,790 - ERROR - JWT生成失败: 'Settings' object has no attribute 'JWT_EXPIRATION_DELTA'
2025-03-26 02:44:49
2025-03-26 02:44:49,790 - ERROR - JWT生成失败: 'Settings' object has no attribute 'JWT_EXPIRATION_DELTA'
2025-03-26 02:44:49
2025-03-26 02:44:49,790 - ERROR - JWT生成失败: 'Settings' object has no attribute 'JWT_EXPIRATION_DELTA'
2025-03-26 02:44:49
